Microsoft Windows [Versión 10.0.19044.1466]
(c) Microsoft Corporation. Todos los derechos reservados.

C:\WINDOWS\system32>cd documents/EntornoVirtual
El sistema no puede encontrar la ruta especificada.

C:\WINDOWS\system32>cd C:\Users\Luis Fernando\Documents\EntornoVirtual

C:\Users\Luis Fernando\Documents\EntornoVirtual>python3 -m venv env

C:\Users\Luis Fernando\Documents\EntornoVirtual>dir
 El volumen de la unidad C no tiene etiqueta.
 El número de serie del volumen es: F49A-8C4C

 Directorio de C:\Users\Luis Fernando\Documents\EntornoVirtual

08/02/2022  09:14 a. m.    <DIR>          .
08/02/2022  09:14 a. m.    <DIR>          ..
08/02/2022  09:14 a. m.    <DIR>          env
               0 archivos              0 bytes
               3 dirs  82,793,381,888 bytes libres

C:\Users\Luis Fernando\Documents\EntornoVirtual>cd env

C:\Users\Luis Fernando\Documents\EntornoVirtual\env>dir
 El volumen de la unidad C no tiene etiqueta.
 El número de serie del volumen es: F49A-8C4C

 Directorio de C:\Users\Luis Fernando\Documents\EntornoVirtual\env

08/02/2022  09:14 a. m.    <DIR>          .
08/02/2022  09:14 a. m.    <DIR>          ..
08/02/2022  09:14 a. m.    <DIR>          Include
08/02/2022  09:14 a. m.    <DIR>          Lib
08/02/2022  09:14 a. m.               173 pyvenv.cfg
08/02/2022  09:14 a. m.    <DIR>          Scripts
               1 archivos            173 bytes
               5 dirs  82,793,381,888 bytes libres

C:\Users\Luis Fernando\Documents\EntornoVirtual\env>cd..

C:\Users\Luis Fernando\Documents\EntornoVirtual>env\bin\activate
El sistema no puede encontrar la ruta especificada.

C:\Users\Luis Fernando\Documents\EntornoVirtual>env\scripts\activate

(env) C:\Users\Luis Fernando\Documents\EntornoVirtual>pip install python-dateutil
Collecting python-dateutil
  Using cached python_dateutil-2.8.2-py2.py3-none-any.whl (247 kB)
Collecting six>=1.5
  Using cached six-1.16.0-py2.py3-none-any.whl (11 kB)
Installing collected packages: six, python-dateutil
Successfully installed python-dateutil-2.8.2 six-1.16.0
WARNING: You are using pip version 21.2.4; however, version 22.0.3 is available.
You should consider upgrading via the 'C:\Users\Luis Fernando\Documents\EntornoVirtual\env\Scripts\python.exe -m pip install --upgrade pip' command.

(env) C:\Users\Luis Fernando\Documents\EntornoVirtual>C:\Users\Luis Fernando\Documents\EntornoVirtual\env\Scripts\python.exe -m pip install --upgrade pip
"C:\Users\Luis" no se reconoce como un comando interno o externo,
programa o archivo por lotes ejecutable.

(env) C:\Users\Luis Fernando\Documents\EntornoVirtual> -m pip install -upgrade pip
"-m" no se reconoce como un comando interno o externo,
programa o archivo por lotes ejecutable.

(env) C:\Users\Luis Fernando\Documents\EntornoVirtual>desactive
"desactive" no se reconoce como un comando interno o externo,
programa o archivo por lotes ejecutable.

(env) C:\Users\Luis Fernando\Documents\EntornoVirtual>env\scripts\desactive
"env\scripts\desactive" no se reconoce como un comando interno o externo,
programa o archivo por lotes ejecutable.

(env) C:\Users\Luis Fernando\Documents\EntornoVirtual>env\scripts\deactive
"env\scripts\deactive" no se reconoce como un comando interno o externo,
programa o archivo por lotes ejecutable.

(env) C:\Users\Luis Fernando\Documents\EntornoVirtual>deactive
"deactive" no se reconoce como un comando interno o externo,
programa o archivo por lotes ejecutable.

(env) C:\Users\Luis Fernando\Documents\EntornoVirtual>env\scripts\deactive.bat
"env\scripts\deactive.bat" no se reconoce como un comando interno o externo,
programa o archivo por lotes ejecutable.

(env) C:\Users\Luis Fernando\Documents\EntornoVirtual>cd env\Scripts

(env) C:\Users\Luis Fernando\Documents\EntornoVirtual\env\Scripts>deactive
"deactive" no se reconoce como un comando interno o externo,
programa o archivo por lotes ejecutable.

(env) C:\Users\Luis Fernando\Documents\EntornoVirtual\env\Scripts>deactive.bat
"deactive.bat" no se reconoce como un comando interno o externo,
programa o archivo por lotes ejecutable.

(env) C:\Users\Luis Fernando\Documents\EntornoVirtual\env\Scripts>deactivate
C:\Users\Luis Fernando\Documents\EntornoVirtual\env\Scripts>cd..

C:\Users\Luis Fernando\Documents\EntornoVirtual\env>cd..

C:\Users\Luis Fernando\Documents\EntornoVirtual>pip freeze
cycler==0.11.0
fonttools==4.29.1
kiwisolver==1.3.2
matplotlib==3.5.1
numpy==1.22.2
packaging==21.3
Pillow==9.0.1
pyparsing==3.0.7
python-dateutil==2.8.2
six==1.16.0

C:\Users\Luis Fernando\Documents\EntornoVirtual>python -m pip install
ERROR: You must give at least one requirement to install (see "pip help install")

C:\Users\Luis Fernando\Documents\EntornoVirtual>pip help install

Usage:
  C:\Users\Luis Fernando\AppData\Local\Microsoft\WindowsApps\PythonSoftwareFoundation.Python.3.9_qbz5n2kfra8p0\python.exe -m pip install [options] <requirement specifier> [package-index-options] ...
  C:\Users\Luis Fernando\AppData\Local\Microsoft\WindowsApps\PythonSoftwareFoundation.Python.3.9_qbz5n2kfra8p0\python.exe -m pip install [options] -r <requirements file> [package-index-options] ...
  C:\Users\Luis Fernando\AppData\Local\Microsoft\WindowsApps\PythonSoftwareFoundation.Python.3.9_qbz5n2kfra8p0\python.exe -m pip install [options] [-e] <vcs project url> ...
  C:\Users\Luis Fernando\AppData\Local\Microsoft\WindowsApps\PythonSoftwareFoundation.Python.3.9_qbz5n2kfra8p0\python.exe -m pip install [options] [-e] <local project path> ...
  C:\Users\Luis Fernando\AppData\Local\Microsoft\WindowsApps\PythonSoftwareFoundation.Python.3.9_qbz5n2kfra8p0\python.exe -m pip install [options] <archive url/path> ...

Description:
  Install packages from:

  - PyPI (and other indexes) using requirement specifiers.
  - VCS project urls.
  - Local project directories.
  - Local or remote source archives.

  pip also supports installing from "requirements files", which provide
  an easy way to specify a whole environment to be installed.

Install Options:
  -r, --requirement <file>    Install from the given requirements file. This option can be used multiple times.
  -c, --constraint <file>     Constrain versions using the given constraints file. This option can be used multiple
                              times.
  --no-deps                   Don't install package dependencies.
  --pre                       Include pre-release and development versions. By default, pip only finds stable
                              versions.
  -e, --editable <path/url>   Install a project in editable mode (i.e. setuptools "develop mode") from a local project
                              path or a VCS url.
  -t, --target <dir>          Install packages into <dir>. By default this will not replace existing files/folders in
                              <dir>. Use --upgrade to replace existing packages in <dir> with new versions.
  --platform <platform>       Only use wheels compatible with <platform>. Defaults to the platform of the running
                              system. Use this option multiple times to specify multiple platforms supported by the
                              target interpreter.
  --python-version <python_version>
                              The Python interpreter version to use for wheel and "Requires-Python" compatibility
                              checks. Defaults to a version derived from the running interpreter. The version can be
                              specified using up to three dot-separated integers (e.g. "3" for 3.0.0, "3.7" for 3.7.0,
                              or "3.7.3"). A major-minor version can also be given as a string without dots (e.g. "37"
                              for 3.7.0).
  --implementation <implementation>
                              Only use wheels compatible with Python implementation <implementation>, e.g. 'pp', 'jy',
                              'cp',  or 'ip'. If not specified, then the current interpreter implementation is used.
                              Use 'py' to force implementation-agnostic wheels.
  --abi <abi>                 Only use wheels compatible with Python abi <abi>, e.g. 'pypy_41'. If not specified, then
                              the current interpreter abi tag is used. Use this option multiple times to specify
                              multiple abis supported by the target interpreter. Generally you will need to specify
                              --implementation, --platform, and --python-version when using this option.
  --user                      Install to the Python user install directory for your platform. Typically ~/.local/, or
                              %APPDATA%\Python on Windows. (See the Python documentation for site.USER_BASE for full
                              details.)
  --root <dir>                Install everything relative to this alternate root directory.
  --prefix <dir>              Installation prefix where lib, bin and other top-level folders are placed
  --src <dir>                 Directory to check out editable projects into. The default in a virtualenv is "<venv
                              path>/src". The default for global installs is "<current dir>/src".
  -U, --upgrade               Upgrade all specified packages to the newest available version. The handling of
                              dependencies depends on the upgrade-strategy used.
  --upgrade-strategy <upgrade_strategy>
                              Determines how dependency upgrading should be handled [default: only-if-needed]. "eager"
                              - dependencies are upgraded regardless of whether the currently installed version
                              satisfies the requirements of the upgraded package(s). "only-if-needed" -  are upgraded
                              only when they do not satisfy the requirements of the upgraded package(s).
  --force-reinstall           Reinstall all packages even if they are already up-to-date.
  -I, --ignore-installed      Ignore the installed packages, overwriting them. This can break your system if the
                              existing package is of a different version or was installed with a different package
                              manager!
  --ignore-requires-python    Ignore the Requires-Python information.
  --no-build-isolation        Disable isolation when building a modern source distribution. Build dependencies
                              specified by PEP 518 must be already installed if this option is used.
  --use-pep517                Use PEP 517 for building source distributions (use --no-use-pep517 to force legacy
                              behaviour).
  --install-option <options>  Extra arguments to be supplied to the setup.py install command (use like --install-
                              option="--install-scripts=/usr/local/bin"). Use multiple --install-option options to
                              pass multiple options to setup.py install. If you are using an option with a directory
                              path, be sure to use absolute path.
  --global-option <options>   Extra global options to be supplied to the setup.py call before the install or
                              bdist_wheel command.
  --compile                   Compile Python source files to bytecode
  --no-compile                Do not compile Python source files to bytecode
  --no-warn-script-location   Do not warn when installing scripts outside PATH
  --no-warn-conflicts         Do not warn about broken dependencies
  --no-binary <format_control>
                              Do not use binary packages. Can be supplied multiple times, and each time adds to the
                              existing value. Accepts either ":all:" to disable all binary packages, ":none:" to empty
                              the set (notice the colons), or one or more package names with commas between them (no
                              colons). Note that some packages are tricky to compile and may fail to install when this
                              option is used on them.
  --only-binary <format_control>
                              Do not use source packages. Can be supplied multiple times, and each time adds to the
                              existing value. Accepts either ":all:" to disable all source packages, ":none:" to empty
                              the set, or one or more package names with commas between them. Packages without binary
                              distributions will fail to install when this option is used on them.
  --prefer-binary             Prefer older binary packages over newer source packages.
  --require-hashes            Require a hash to check each requirement against, for repeatable installs. This option
                              is implied when any package in a requirements file has a --hash option.
  --progress-bar <progress_bar>
                              Specify type of progress to be displayed [off|on|ascii|pretty|emoji] (default: on)
  --no-clean                  Don't clean up build directories.

Package Index Options:
  -i, --index-url <url>       Base URL of the Python Package Index (default https://pypi.org/simple). This should
                              point to a repository compliant with PEP 503 (the simple repository API) or a local
                              directory laid out in the same format.
  --extra-index-url <url>     Extra URLs of package indexes to use in addition to --index-url. Should follow the same
                              rules as --index-url.
  --no-index                  Ignore package index (only looking at --find-links URLs instead).
  -f, --find-links <url>      If a URL or path to an html file, then parse for links to archives such as sdist
                              (.tar.gz) or wheel (.whl) files. If a local path or file:// URL that's a directory, then
                              look for archives in the directory listing. Links to VCS project URLs are not supported.

General Options:
  -h, --help                  Show help.
  --debug                     Let unhandled exceptions propagate outside the main subroutine, instead of logging them
                              to stderr.
  --isolated                  Run pip in an isolated mode, ignoring environment variables and user configuration.
  --require-virtualenv        Allow pip to only run in a virtual environment; exit with an error otherwise.
  -v, --verbose               Give more output. Option is additive, and can be used up to 3 times.
  -V, --version               Show version and exit.
  -q, --quiet                 Give less output. Option is additive, and can be used up to 3 times (corresponding to
                              WARNING, ERROR, and CRITICAL logging levels).
  --log <path>                Path to a verbose appending log.
  --no-input                  Disable prompting for input.
  --proxy <proxy>             Specify a proxy in the form [user:passwd@]proxy.server:port.
  --retries <retries>         Maximum number of retries each connection should attempt (default 5 times).
  --timeout <sec>             Set the socket timeout (default 15 seconds).
  --exists-action <action>    Default action when a path already exists: (s)witch, (i)gnore, (w)ipe, (b)ackup,
                              (a)bort.
  --trusted-host <hostname>   Mark this host or host:port pair as trusted, even though it does not have valid or any
                              HTTPS.
  --cert <path>               Path to PEM-encoded CA certificate bundle. If provided, overrides the default. See 'SSL
                              Certificate Verification' in pip documentation for more information.
  --client-cert <path>        Path to SSL client certificate, a single file containing the private key and the
                              certificate in PEM format.
  --cache-dir <dir>           Store the cache data in <dir>.
  --no-cache-dir              Disable the cache.
  --disable-pip-version-check
                              Don't periodically check PyPI to determine whether a new version of pip is available for
                              download. Implied with --no-index.
  --no-color                  Suppress colored output.
  --no-python-version-warning
                              Silence deprecation warnings for upcoming unsupported Pythons.
  --use-feature <feature>     Enable new functionality, that may be backward incompatible.
  --use-deprecated <feature>  Enable deprecated functionality, that will be removed in the future.

C:\Users\Luis Fernando\Documents\EntornoVirtual>git+https://github.com/your-repo.git
"git+https:" no se reconoce como un comando interno o externo,
programa o archivo por lotes ejecutable.

C:\Users\Luis Fernando\Documents\EntornoVirtual>activate
"activate" no se reconoce como un comando interno o externo,
programa o archivo por lotes ejecutable.

C:\Users\Luis Fernando\Documents\EntornoVirtual>cd env

C:\Users\Luis Fernando\Documents\EntornoVirtual\env>cd scripts

C:\Users\Luis Fernando\Documents\EntornoVirtual\env\Scripts>activate

(env) C:\Users\Luis Fernando\Documents\EntornoVirtual\env\Scripts>pip install python-dateutil
Requirement already satisfied: python-dateutil in c:\users\luis fernando\documents\entornovirtual\env\lib\site-packages (2.8.2)
Requirement already satisfied: six>=1.5 in c:\users\luis fernando\documents\entornovirtual\env\lib\site-packages (from python-dateutil) (1.16.0)
WARNING: You are using pip version 21.2.4; however, version 22.0.3 is available.
You should consider upgrading via the 'C:\Users\Luis Fernando\Documents\EntornoVirtual\env\Scripts\python.exe -m pip install --upgrade pip' command.

(env) C:\Users\Luis Fernando\Documents\EntornoVirtual\env\Scripts>pip --version
pip 21.2.4 from C:\Users\Luis Fernando\Documents\EntornoVirtual\env\lib\site-packages\pip (python 3.9)

(env) C:\Users\Luis Fernando\Documents\EntornoVirtual\env\Scripts>pip3 --version
pip 21.2.4 from C:\Users\Luis Fernando\Documents\EntornoVirtual\env\lib\site-packages\pip (python 3.9)

(env) C:\Users\Luis Fernando\Documents\EntornoVirtual\env\Scripts>phyton - m pip install --upgrade pip
"phyton" no se reconoce como un comando interno o externo,
programa o archivo por lotes ejecutable.

(env) C:\Users\Luis Fernando\Documents\EntornoVirtual\env\Scripts>python -m pip install -uppgrade pip

Usage:
  C:\Users\Luis Fernando\Documents\EntornoVirtual\env\Scripts\python.exe -m pip install [options] <requirement specifier> [package-index-options] ...
  C:\Users\Luis Fernando\Documents\EntornoVirtual\env\Scripts\python.exe -m pip install [options] -r <requirements file> [package-index-options] ...
  C:\Users\Luis Fernando\Documents\EntornoVirtual\env\Scripts\python.exe -m pip install [options] [-e] <vcs project url> ...
  C:\Users\Luis Fernando\Documents\EntornoVirtual\env\Scripts\python.exe -m pip install [options] [-e] <local project path> ...
  C:\Users\Luis Fernando\Documents\EntornoVirtual\env\Scripts\python.exe -m pip install [options] <archive url/path> ...

no such option: -u

(env) C:\Users\Luis Fernando\Documents\EntornoVirtual\env\Scripts>python -m pip install -upgrade pip

Usage:
  C:\Users\Luis Fernando\Documents\EntornoVirtual\env\Scripts\python.exe -m pip install [options] <requirement specifier> [package-index-options] ...
  C:\Users\Luis Fernando\Documents\EntornoVirtual\env\Scripts\python.exe -m pip install [options] -r <requirements file> [package-index-options] ...
  C:\Users\Luis Fernando\Documents\EntornoVirtual\env\Scripts\python.exe -m pip install [options] [-e] <vcs project url> ...
  C:\Users\Luis Fernando\Documents\EntornoVirtual\env\Scripts\python.exe -m pip install [options] [-e] <local project path> ...
  C:\Users\Luis Fernando\Documents\EntornoVirtual\env\Scripts\python.exe -m pip install [options] <archive url/path> ...

no such option: -u

(env) C:\Users\Luis Fernando\Documents\EntornoVirtual\env\Scripts>python -m pip install --upgrade pip
Requirement already satisfied: pip in c:\users\luis fernando\documents\entornovirtual\env\lib\site-packages (21.2.4)
Collecting pip
  Using cached pip-22.0.3-py3-none-any.whl (2.1 MB)
Installing collected packages: pip
  Attempting uninstall: pip
    Found existing installation: pip 21.2.4
    Uninstalling pip-21.2.4:
      Successfully uninstalled pip-21.2.4
Successfully installed pip-22.0.3

(env) C:\Users\Luis Fernando\Documents\EntornoVirtual\env\Scripts>pip --version
pip 22.0.3 from C:\Users\Luis Fernando\Documents\EntornoVirtual\env\lib\site-packages\pip (python 3.9)

(env) C:\Users\Luis Fernando\Documents\EntornoVirtual\env\Scripts>pip install python-dateutil
Requirement already satisfied: python-dateutil in c:\users\luis fernando\documents\entornovirtual\env\lib\site-packages (2.8.2)
Requirement already satisfied: six>=1.5 in c:\users\luis fernando\documents\entornovirtual\env\lib\site-packages (from python-dateutil) (1.16.0)

(env) C:\Users\Luis Fernando\Documents\EntornoVirtual\env\Scripts>pip freeze
python-dateutil==2.8.2
six==1.16.0

(env) C:\Users\Luis Fernando\Documents\EntornoVirtual\env\Scripts>deactivate
C:\Users\Luis Fernando\Documents\EntornoVirtual\env\Scripts>deep freeze
"deep" no se reconoce como un comando interno o externo,
programa o archivo por lotes ejecutable.

C:\Users\Luis Fernando\Documents\EntornoVirtual\env\Scripts>pip freeze
python-dateutil==2.8.2
six==1.16.0

C:\Users\Luis Fernando\Documents\EntornoVirtual\env\Scripts>pip freeze
python-dateutil==2.8.2
six==1.16.0

C:\Users\Luis Fernando\Documents\EntornoVirtual\env\Scripts>cd..

C:\Users\Luis Fernando\Documents\EntornoVirtual\env>cd..

C:\Users\Luis Fernando\Documents\EntornoVirtual>pip freeze
cycler==0.11.0
fonttools==4.29.1
kiwisolver==1.3.2
matplotlib==3.5.1
numpy==1.22.2
packaging==21.3
Pillow==9.0.1
pyparsing==3.0.7
python-dateutil==2.8.2
six==1.16.0

C:\Users\Luis Fernando\Documents\EntornoVirtual> env\bin\activate
El sistema no puede encontrar la ruta especificada.

C:\Users\Luis Fernando\Documents\EntornoVirtual>env\Scripts\activate

(env) C:\Users\Luis Fernando\Documents\EntornoVirtual>git+https://github.com/your-repo.git
"git+https:" no se reconoce como un comando interno o externo,
programa o archivo por lotes ejecutable.

(env) C:\Users\Luis Fernando\Documents\EntornoVirtual>deactivate
C:\Users\Luis Fernando\Documents\EntornoVirtual>pip install git+https://github.com/christopherjenness/DBCV.git#egg=DBCV
Collecting DBCV
  Cloning https://github.com/christopherjenness/DBCV.git to c:\users\luis fernando\appdata\local\temp\pip-install-x0nrhpwl\dbcv_ca2a27bd687d4ad5b8f22df1861aaa05
  Running command git clone --filter=blob:none --quiet https://github.com/christopherjenness/DBCV.git 'C:\Users\Luis Fernando\AppData\Local\Temp\pip-install-x0nrhpwl\dbcv_ca2a27bd687d4ad5b8f22df1861aaa05'
  Resolved https://github.com/christopherjenness/DBCV.git to commit db7345c45ab7d33ea500778e5c9048fd9f7d3156
  Preparing metadata (setup.py) ... done
Requirement already satisfied: numpy in c:\users\luis fernando\appdata\local\packages\pythonsoftwarefoundation.python.3.9_qbz5n2kfra8p0\localcache\local-packages\python39\site-packages (from DBCV) (1.22.2)
Collecting scipy
  Downloading scipy-1.8.0-cp39-cp39-win_amd64.whl (36.9 MB)
     ---------------------------------------- 36.9/36.9 MB 4.0 MB/s eta 0:00:00
Using legacy 'setup.py install' for DBCV, since package 'wheel' is not installed.
Installing collected packages: scipy, DBCV
  Running setup.py install for DBCV ... done
Successfully installed DBCV-0.0.0 scipy-1.8.0

C:\Users\Luis Fernando\Documents\EntornoVirtual>cd env\src

C:\Users\Luis Fernando\Documents\EntornoVirtual\env\src>app.py

C:\Users\Luis Fernando\Documents\EntornoVirtual\env\src>app.py
  File "C:\Users\Luis Fernando\Documents\EntornoVirtual\env\src\app.py", line 1
    from datetime import *
IndentationError: unexpected indent

C:\Users\Luis Fernando\Documents\EntornoVirtual\env\src>cd..

C:\Users\Luis Fernando\Documents\EntornoVirtual\env>cd
C:\Users\Luis Fernando\Documents\EntornoVirtual\env

C:\Users\Luis Fernando\Documents\EntornoVirtual\env>cd..

C:\Users\Luis Fernando\Documents\EntornoVirtual>cd Sript
El sistema no puede encontrar la ruta especificada.

C:\Users\Luis Fernando\Documents\EntornoVirtual>cd script
El sistema no puede encontrar la ruta especificada.

C:\Users\Luis Fernando\Documents\EntornoVirtual>scripts
"scripts" no se reconoce como un comando interno o externo,
programa o archivo por lotes ejecutable.

C:\Users\Luis Fernando\Documents\EntornoVirtual>active
"active" no se reconoce como un comando interno o externo,
programa o archivo por lotes ejecutable.

C:\Users\Luis Fernando\Documents\EntornoVirtual>activate
"activate" no se reconoce como un comando interno o externo,
programa o archivo por lotes ejecutable.

C:\Users\Luis Fernando\Documents\EntornoVirtual>cd scripts
El sistema no puede encontrar la ruta especificada.

C:\Users\Luis Fernando\Documents\EntornoVirtual>cd env\scripts\activate
El nombre del directorio no es válido.

C:\Users\Luis Fernando\Documents\EntornoVirtual>cd env\scripts

C:\Users\Luis Fernando\Documents\EntornoVirtual\env\Scripts>activate

(env) C:\Users\Luis Fernando\Documents\EntornoVirtual\env\Scripts>cd..

(env) C:\Users\Luis Fernando\Documents\EntornoVirtual\env>cd scr
El sistema no puede encontrar la ruta especificada.

(env) C:\Users\Luis Fernando\Documents\EntornoVirtual\env>cd src

(env) C:\Users\Luis Fernando\Documents\EntornoVirtual\env\src>app.py
  File "C:\Users\Luis Fernando\Documents\EntornoVirtual\env\src\app.py", line 1
    from datetime import *
IndentationError: unexpected indent

(env) C:\Users\Luis Fernando\Documents\EntornoVirtual\env\src>app.py
2022-02-08 13:36:11.477200
2022-03-15 10:36:11.477200

(env) C:\Users\Luis Fernando\Documents\EntornoVirtual\env\src>deactive
"deactive" no se reconoce como un comando interno o externo,
programa o archivo por lotes ejecutable.

(env) C:\Users\Luis Fernando\Documents\EntornoVirtual\env\src>cd..

(env) C:\Users\Luis Fernando\Documents\EntornoVirtual\env>cd..

(env) C:\Users\Luis Fernando\Documents\EntornoVirtual>deactove
"deactove" no se reconoce como un comando interno o externo,
programa o archivo por lotes ejecutable.

(env) C:\Users\Luis Fernando\Documents\EntornoVirtual>deactive
"deactive" no se reconoce como un comando interno o externo,
programa o archivo por lotes ejecutable.

(env) C:\Users\Luis Fernando\Documents\EntornoVirtual>deactivate
C:\Users\Luis Fernando\Documents\EntornoVirtual>cd..

C:\Users\Luis Fernando\Documents> cd\python
El sistema no puede encontrar la ruta especificada.

C:\Users\Luis Fernando\Documents>cd python

C:\Users\Luis Fernando\Documents\Python>cd kata2

C:\Users\Luis Fernando\Documents\Python\Kata2>phyton3 -m venv env
"phyton3" no se reconoce como un comando interno o externo,
programa o archivo por lotes ejecutable.

C:\Users\Luis Fernando\Documents\Python\Kata2>python3 -m venv env

C:\Users\Luis Fernando\Documents\Python\Kata2>source env\Scripts\activate
"source" no se reconoce como un comando interno o externo,
programa o archivo por lotes ejecutable.

C:\Users\Luis Fernando\Documents\Python\Kata2>cd..env\Scripts
El sistema no puede encontrar la ruta especificada.

C:\Users\Luis Fernando\Documents\Python\Kata2>cd env\Scripts

C:\Users\Luis Fernando\Documents\Python\Kata2\env\Scripts>activate

(env) C:\Users\Luis Fernando\Documents\Python\Kata2\env\Scripts>pip freeze

(env) C:\Users\Luis Fernando\Documents\Python\Kata2\env\Scripts>pip install python-dateutil
Collecting python-dateutil
  Using cached python_dateutil-2.8.2-py2.py3-none-any.whl (247 kB)
Collecting six>=1.5
  Using cached six-1.16.0-py2.py3-none-any.whl (11 kB)
Installing collected packages: six, python-dateutil
Successfully installed python-dateutil-2.8.2 six-1.16.0
WARNING: You are using pip version 21.2.4; however, version 22.0.3 is available.
You should consider upgrading via the 'C:\Users\Luis Fernando\Documents\Python\Kata2\env\Scripts\python.exe -m pip install --upgrade pip' command.

(env) C:\Users\Luis Fernando\Documents\Python\Kata2\env\Scripts>pip freeze
python-dateutil==2.8.2
six==1.16.0

(env) C:\Users\Luis Fernando\Documents\Python\Kata2\env\Scripts>deactivate
C:\Users\Luis Fernando\Documents\Python\Kata2\env\Scripts>dc..
"dc.." no se reconoce como un comando interno o externo,
programa o archivo por lotes ejecutable.

C:\Users\Luis Fernando\Documents\Python\Kata2\env\Scripts>dc..
"dc.." no se reconoce como un comando interno o externo,
programa o archivo por lotes ejecutable.

C:\Users\Luis Fernando\Documents\Python\Kata2\env\Scripts>cd..

C:\Users\Luis Fernando\Documents\Python\Kata2\env>cd..

C:\Users\Luis Fernando\Documents\Python\Kata2>cd..

C:\Users\Luis Fernando\Documents\Python>cd..

C:\Users\Luis Fernando\Documents>cd c:\

c:\> dir c:> listadoC.txt

c:\>